#! /foss/tools/iverilog/bin/vvp
:ivl_version "13.0 (devel)" "(s20250103-26-gb0c57ab1-dirty)";
:ivl_delay_selection "TYPICAL";
:vpi_time_precision - 12;
:vpi_module "/foss/tools/iverilog/lib/ivl/system.vpi";
:vpi_module "/foss/tools/iverilog/lib/ivl/vhdl_sys.vpi";
:vpi_module "/foss/tools/iverilog/lib/ivl/vhdl_textio.vpi";
:vpi_module "/foss/tools/iverilog/lib/ivl/v2005_math.vpi";
:vpi_module "/foss/tools/iverilog/lib/ivl/va_math.vpi";
:vpi_module "/foss/tools/iverilog/lib/ivl/v2009.vpi";
S_0x5607cc7d58a0 .scope package, "$unit" "$unit" 2 1;
 .timescale 0 0;
S_0x5607cc7d5a30 .scope module, "tb_dynamic_noise_reduction" "tb_dynamic_noise_reduction" 3 3;
 .timescale -9 -12;
P_0x5607cc7bfff0 .param/l "CYCLES" 0 3 6, +C4<00000000000000000000000000001010>;
P_0x5607cc7c0030 .param/l "WIDTH" 0 3 5, +C4<00000000000000000000000000010000>;
v0x5607cc7f2870_0 .var/s "alpha", 15 0;
v0x5607cc7f2950_0 .var "clk", 0 0;
v0x5607cc7f2a20_0 .var "reset", 0 0;
v0x5607cc7f2b20 .array/s "test_input", 9 0, 15 0;
v0x5607cc7f2bc0_0 .var/s "x_in", 15 0;
v0x5607cc7f2c60_0 .net/s "y_out", 15 0, v0x5607cc7f2610_0;  1 drivers
S_0x5607cc7c3fb0 .scope begin, "$ivl_for_loop0" "$ivl_for_loop0" 3 54, 3 54 0, S_0x5607cc7d5a30;
 .timescale -9 -12;
v0x5607cc7d8250_0 .var/2s "i", 31 0;
E_0x5607cc7d1720 .event posedge, v0x5607cc7f20c0_0;
S_0x5607cc7f1940 .scope module, "dut" "dynamic_noise_reduction" 3 14, 4 1 0, S_0x5607cc7d5a30;
 .timescale 0 0;
    .port_info 0 /INPUT 1 "clk";
    .port_info 1 /INPUT 1 "reset";
    .port_info 2 /INPUT 16 "x_in";
    .port_info 3 /INPUT 16 "alpha";
    .port_info 4 /OUTPUT 16 "y_out";
P_0x5607cc7f1b40 .param/l "WIDTH" 0 4 2, +C4<00000000000000000000000000010000>;
v0x5607cc7f1d10_0 .var/s "a_x_product", 31 0;
v0x5607cc7f1e10_0 .var/s "a_yprev_product", 31 0;
v0x5607cc7f1ef0_0 .net/s "alpha", 15 0, v0x5607cc7f2870_0;  1 drivers
v0x5607cc7f1fe0_0 .var/s "alpha_ext", 31 0;
v0x5607cc7f20c0_0 .net "clk", 0 0, v0x5607cc7f2950_0;  1 drivers
v0x5607cc7f21d0_0 .var/s "one_fixed", 15 0;
v0x5607cc7f22b0_0 .var/s "one_fixed_ext", 31 0;
v0x5607cc7f2390_0 .net "reset", 0 0, v0x5607cc7f2a20_0;  1 drivers
v0x5607cc7f2450_0 .var/s "sum_shifted", 31 0;
v0x5607cc7f2530_0 .net/s "x_in", 15 0, v0x5607cc7f2bc0_0;  1 drivers
v0x5607cc7f2610_0 .var/s "y_out", 15 0;
v0x5607cc7f26f0_0 .var/s "y_prev", 15 0;
E_0x5607cc797060 .event posedge, v0x5607cc7f2390_0, v0x5607cc7f20c0_0;
    .scope S_0x5607cc7f1940;
T_0 ;
    %pushi/vec4 32767, 0, 16;
    %store/vec4 v0x5607cc7f21d0_0, 0, 16;
    %end;
    .thread T_0;
    .scope S_0x5607cc7f1940;
T_1 ;
    %wait E_0x5607cc797060;
    %load/vec4 v0x5607cc7f2390_0;
    %flag_set/vec4 8;
    %jmp/0xz  T_1.0, 8;
    %pushi/vec4 0, 0, 16;
    %assign/vec4 v0x5607cc7f26f0_0, 0;
    %pushi/vec4 0, 0, 16;
    %assign/vec4 v0x5607cc7f2610_0, 0;
    %jmp T_1.1;
T_1.0 ;
    %load/vec4 v0x5607cc7f21d0_0;
    %parti/s 1, 15, 5;
    %replicate 16;
    %load/vec4 v0x5607cc7f21d0_0;
    %concat/vec4; draw_concat_vec4
    %store/vec4 v0x5607cc7f22b0_0, 0, 32;
    %load/vec4 v0x5607cc7f1ef0_0;
    %parti/s 1, 15, 5;
    %replicate 16;
    %load/vec4 v0x5607cc7f1ef0_0;
    %concat/vec4; draw_concat_vec4
    %store/vec4 v0x5607cc7f1fe0_0, 0, 32;
    %load/vec4 v0x5607cc7f2530_0;
    %pad/s 32;
    %load/vec4 v0x5607cc7f1ef0_0;
    %pad/s 32;
    %mul;
    %store/vec4 v0x5607cc7f1d10_0, 0, 32;
    %load/vec4 v0x5607cc7f26f0_0;
    %pad/s 32;
    %load/vec4 v0x5607cc7f22b0_0;
    %load/vec4 v0x5607cc7f1fe0_0;
    %sub;
    %mul;
    %store/vec4 v0x5607cc7f1e10_0, 0, 32;
    %load/vec4 v0x5607cc7f1d10_0;
    %load/vec4 v0x5607cc7f1e10_0;
    %add;
    %ix/load 4, 15, 0;
    %flag_set/imm 4, 0;
    %shiftr/s 4;
    %store/vec4 v0x5607cc7f2450_0, 0, 32;
    %load/vec4 v0x5607cc7f2450_0;
    %parti/s 16, 0, 2;
    %assign/vec4 v0x5607cc7f2610_0, 0;
    %load/vec4 v0x5607cc7f2450_0;
    %parti/s 16, 0, 2;
    %assign/vec4 v0x5607cc7f26f0_0, 0;
T_1.1 ;
    %jmp T_1;
    .thread T_1;
    .scope S_0x5607cc7d5a30;
T_2 ;
    %delay 5000, 0;
    %load/vec4 v0x5607cc7f2950_0;
    %inv;
    %store/vec4 v0x5607cc7f2950_0, 0, 1;
    %jmp T_2;
    .thread T_2;
    .scope S_0x5607cc7d5a30;
T_3 ;
    %vpi_call/w 3 30 "$display", "Starting testbench..." {0 0 0};
    %vpi_call/w 3 31 "$dumpfile", "wave.vcd" {0 0 0};
    %vpi_call/w 3 32 "$dumpvars", 32'sb00000000000000000000000000000000, S_0x5607cc7d5a30 {0 0 0};
    %pushi/vec4 0, 0, 1;
    %store/vec4 v0x5607cc7f2950_0, 0, 1;
    %pushi/vec4 1, 0, 1;
    %store/vec4 v0x5607cc7f2a20_0, 0, 1;
    %pushi/vec4 8192, 0, 16;
    %store/vec4 v0x5607cc7f2870_0, 0, 16;
    %pushi/vec4 0, 0, 16;
    %store/vec4 v0x5607cc7f2bc0_0, 0, 16;
    %pushi/vec4 0, 0, 16;
    %ix/load 4, 0, 0;
    %flag_set/imm 4, 0;
    %store/vec4a v0x5607cc7f2b20, 4, 0;
    %pushi/vec4 16384, 0, 16;
    %ix/load 4, 1, 0;
    %flag_set/imm 4, 0;
    %store/vec4a v0x5607cc7f2b20, 4, 0;
    %pushi/vec4 32767, 0, 16;
    %ix/load 4, 2, 0;
    %flag_set/imm 4, 0;
    %store/vec4a v0x5607cc7f2b20, 4, 0;
    %pushi/vec4 0, 0, 16;
    %ix/load 4, 3, 0;
    %flag_set/imm 4, 0;
    %store/vec4a v0x5607cc7f2b20, 4, 0;
    %pushi/vec4 49152, 0, 16;
    %ix/load 4, 4, 0;
    %flag_set/imm 4, 0;
    %store/vec4a v0x5607cc7f2b20, 4, 0;
    %pushi/vec4 32769, 0, 16;
    %ix/load 4, 5, 0;
    %flag_set/imm 4, 0;
    %store/vec4a v0x5607cc7f2b20, 4, 0;
    %pushi/vec4 0, 0, 16;
    %ix/load 4, 6, 0;
    %flag_set/imm 4, 0;
    %store/vec4a v0x5607cc7f2b20, 4, 0;
    %pushi/vec4 8192, 0, 16;
    %ix/load 4, 7, 0;
    %flag_set/imm 4, 0;
    %store/vec4a v0x5607cc7f2b20, 4, 0;
    %pushi/vec4 8192, 0, 16;
    %ix/load 4, 8, 0;
    %flag_set/imm 4, 0;
    %store/vec4a v0x5607cc7f2b20, 4, 0;
    %pushi/vec4 0, 0, 16;
    %ix/load 4, 9, 0;
    %flag_set/imm 4, 0;
    %store/vec4a v0x5607cc7f2b20, 4, 0;
    %delay 12000, 0;
    %pushi/vec4 0, 0, 1;
    %store/vec4 v0x5607cc7f2a20_0, 0, 1;
    %fork t_1, S_0x5607cc7c3fb0;
    %jmp t_0;
    .scope S_0x5607cc7c3fb0;
t_1 ;
    %pushi/vec4 0, 0, 32;
    %store/vec4 v0x5607cc7d8250_0, 0, 32;
T_3.0 ; Top of for-loop
    %load/vec4 v0x5607cc7d8250_0;
    %cmpi/s 10, 0, 32;
	  %jmp/0xz T_3.1, 5;
    %ix/getv/s 4, v0x5607cc7d8250_0;
    %load/vec4a v0x5607cc7f2b20, 4;
    %store/vec4 v0x5607cc7f2bc0_0, 0, 16;
    %wait E_0x5607cc7d1720;
    %vpi_call/w 3 57 "$display", "Cycle %0d: x_in = %0d, y_out = %0d", v0x5607cc7d8250_0, v0x5607cc7f2bc0_0, v0x5607cc7f2c60_0 {0 0 0};
T_3.2 ; for-loop step statement
    ; show_stmt_assign_vector: Get l-value for compressed += operand
    %load/vec4 v0x5607cc7d8250_0;
    %pushi/vec4 1, 0, 32;
    %add;
    %cast2;
    %store/vec4 v0x5607cc7d8250_0, 0, 32;
    %jmp T_3.0;
T_3.1 ; for-loop exit label
    %end;
    .scope S_0x5607cc7d5a30;
t_0 %join;
    %delay 20000, 0;
    %vpi_call/w 3 62 "$finish" {0 0 0};
    %end;
    .thread T_3;
# The file index is used to find the file name in the following table.
:file_names 5;
    "N/A";
    "<interactive>";
    "-";
    "tb_dynamic_noise_reduction.sv";
    "/home/asic/workspace/asic_project/rtl/dynamic_noise_reduction.sv";
